CUST_BEND_3D_JACOB=CUST_BEND_3D_JACOB
CUST_BLIND_FLANGE_CL150_RF=CUST_BLIND_FLANGE_CL150_RF
CUST_ELBOW_45_3000_SW=CUST_ELBOW_45_3000_SW
CUST_ELBOW_45_SCH40_BW=CUST_ELBOW_45_SCH40_BW
CUST_ELBOW_90_3000_SW=CUST_ELBOW_90_3000_SW
CUST_ELBOW_90_SCH40_BW=CUST_ELBOW_90_SCH40_BW
CUST_FLANGE_LJ_RF_CL150=CUST_FLANGE_LJ_RF_CL150
CUST_FLANGE_SO_CL150_RF=CUST_FLANGE_SO_CL150_RF
CUST_FLANGE_SW_CL150_RF=CUST_FLANGE_SW_CL150_RF
CUST_FLANGE_WN_CL150_RF=CUST_FLANGE_WN_CL150_RF
CUST_GSK_FF_CL150=CUST_GSK_FF_CL150
CUST_GSK_RF_CL150=CUST_GSK_RF_CL150
CUST_PIPE_SCH40_BV=CUST_PIPE_SCH40_BV
CUST_PIPE_SCH80_PL=CUST_PIPE_SCH80_PL
CUST_REDUCER_CONC_STD_BW=CUST_REDUCER_CONC_STD_BW
CUST_REDUCER_ECC_STD_BW=CUST_REDUCER_ECC_STD_BW
CUST_STUB_END_LONG_SCH40_BW=CUST_STUB_END_LONG_SCH40_BW
CUST_TEE_EQUAL_3000_SW=CUST_TEE_EQUAL_3000_SW
CUST_TEE_EQUAL_SCH40_BW=CUST_TEE_EQUAL_SCH40_BW
CUST_TEE_RED_3000_SW=CUST_TEE_RED_3000_SW
CUST_TEE_RED_SCH40_BW=CUST_TEE_RED_SCH40_BW
P3D_COMPOSER_REBUILD=P3D_COMPOSER_REBUILD
wrapper=WRAPPER
