CUST_BLD_FLRF_CL150=CUST_BLD_FLRF_CL150
CUST_ELBOW_45_LR_BW_SCH40=CUST_ELBOW_45_LR_BW_SCH40
CUST_ELBOW_45_SW_CL3000=CUST_ELBOW_45_SW_CL3000
CUST_ELBOW_90_LR_BW_SCH40=CUST_ELBOW_90_LR_BW_SCH40
CUST_ELBOW_90_SR_BW_SCH40=CUST_ELBOW_90_SR_BW_SCH40
CUST_ELBOW_90_SW_CL3000=CUST_ELBOW_90_SW_CL3000
CUST_GATEVALVE_DN50_150=CUST_GATEVALVE_DN50_150
CUST_GSK_FF_CL150=CUST_GSK_FF_CL150
CUST_GSK_RF_CL150=CUST_GSK_RF_CL150
CUST_LJ_RING_CL150_RF=CUST_LJ_RING_CL150_RF
CUST_REDUCER_CONC_BW_SCH40=CUST_REDUCER_CONC_BW_SCH40
CUST_REDUCER_ECC_BW_SCH40=CUST_REDUCER_ECC_BW_SCH40
CUST_SO_FLRF_CL150=CUST_SO_FLRF_CL150
CUST_STUBEND_LJ_A_BW_SCH40=CUST_STUBEND_LJ_A_BW_SCH40
CUST_STUBEND_LJ_A_SH_BW_SCH40=CUST_STUBEND_LJ_A_SH_BW_SCH40
CUST_TEE_EQ_BW_SCH40=CUST_TEE_EQ_BW_SCH40
CUST_TEE_EQ_SW_CL3000=CUST_TEE_EQ_SW_CL3000
CUST_TEE_REDUCE_BW_SCH40=CUST_TEE_REDUCE_BW_SCH40
CUST_TEE_REDUCE_SW_CL3000=CUST_TEE_REDUCE_SW_CL3000
CUST_THANG_TEST=CUST_THANG_TEST
CUST_WN_FLRF_CL150=CUST_WN_FLRF_CL150
P3D_COMPOSER_REBUILD=P3D_COMPOSER_REBUILD
wrapper=WRAPPER
